nid008404:1368304:1368484 [3] NCCL INFO TUNER/Plugin: Failed to find ncclTunerPlugin_v4 symbol.
nid008404:1368304:1368484 [3] NCCL INFO TUNER/Plugin: Failed to find ncclTunerPlugin_v3 symbol.
nid008404:1368304:1368484 [3] NCCL INFO TUNER/Plugin: Failed to find ncclTunerPlugin_v2 symbol, using internal tuner instead.
nid008404:1368303:1368486 [2] NCCL INFO TUNER/Plugin: Failed to find ncclTunerPlugin_v4 symbol.
nid008404:1368304:1368484 [3] NCCL INFO ncclCommInitRankConfig comm 0x562d6c9ebb40 rank 15 nranks 16 cudaDev 3 nvmlDev 3 busId c1000 commId 0x23c2d6937b5f13ac - Init COMPLETE
nid008404:1368303:1368486 [2] NCCL INFO TUNER/Plugin: Failed to find ncclTunerPlugin_v3 symbol.
nid008404:1368303:1368486 [2] NCCL INFO TUNER/Plugin: Failed to find ncclTunerPlugin_v2 symbol, using internal tuner instead.
nid008397:263130:263313 [1] NCCL INFO TUNER/Plugin: Failed to find ncclTunerPlugin_v4 symbol.
nid008397:263130:263313 [1] NCCL INFO TUNER/Plugin: Failed to find ncclTunerPlugin_v3 symbol.
nid008397:263130:263313 [1] NCCL INFO TUNER/Plugin: Failed to find ncclTunerPlugin_v2 symbol, using internal tuner instead.
nid008404:1368304:1368484 [3] NCCL INFO Init timings - ncclCommInitRankConfig: rank 15 nranks 16 total 0.70 (kernels 0.11, alloc 0.06, bootstrap 0.36, allgathers 0.03, topo 0.12, graphs 0.01, connections 0.01, rest 0.00)
nid008404:1368303:1368486 [2] NCCL INFO ncclCommInitRankConfig comm 0x55c570e6a1c0 rank 14 nranks 16 cudaDev 2 nvmlDev 2 busId 82000 commId 0x23c2d6937b5f13ac - Init COMPLETE
nid008397:263130:263313 [1] NCCL INFO ncclCommInitRankConfig comm 0x55751fc06980 rank 1 nranks 16 cudaDev 1 nvmlDev 1 busId 41000 commId 0x23c2d6937b5f13ac - Init COMPLETE
nid008404:1368303:1368486 [2] NCCL INFO Init timings - ncclCommInitRankConfig: rank 14 nranks 16 total 0.63 (kernels 0.09, alloc 0.07, bootstrap 0.31, allgathers 0.03, topo 0.12, graphs 0.01, connections 0.01, rest 0.00)
nid008401:140528:140686 [1] NCCL INFO TUNER/Plugin: Failed to find ncclTunerPlugin_v4 symbol.
nid008401:140528:140686 [1] NCCL INFO TUNER/Plugin: Failed to find ncclTunerPlugin_v3 symbol.
nid008401:140528:140686 [1] NCCL INFO TUNER/Plugin: Failed to find ncclTunerPlugin_v2 symbol, using internal tuner instead.
nid008401:140528:140686 [1] NCCL INFO ncclCommInitRankConfig comm 0x556110f640c0 rank 9 nranks 16 cudaDev 1 nvmlDev 1 busId 41000 commId 0x23c2d6937b5f13ac - Init COMPLETE
nid008401:140527:140683 [0] NCCL INFO TUNER/Plugin: Failed to find ncclTunerPlugin_v4 symbol.
nid008401:140527:140683 [0] NCCL INFO TUNER/Plugin: Failed to find ncclTunerPlugin_v3 symbol.
nid008397:263130:263313 [1] NCCL INFO Init timings - ncclCommInitRankConfig: rank 1 nranks 16 total 0.87 (kernels 0.09, alloc 0.08, bootstrap 0.54, allgathers 0.02, topo 0.12, graphs 0.01, connections 0.01, rest 0.00)
nid008404:1368302:1368485 [1] NCCL INFO TUNER/Plugin: Failed to find ncclTunerPlugin_v4 symbol.
nid008404:1368302:1368485 [1] NCCL INFO TUNER/Plugin: Failed to find ncclTunerPlugin_v3 symbol.
nid008404:1368302:1368485 [1] NCCL INFO TUNER/Plugin: Failed to find ncclTunerPlugin_v2 symbol, using internal tuner instead.
nid008404:1368302:1368485 [1] NCCL INFO ncclCommInitRankConfig comm 0x5617067d6e80 rank 13 nranks 16 cudaDev 1 nvmlDev 1 busId 41000 commId 0x23c2d6937b5f13ac - Init COMPLETE
nid008401:140527:140683 [0] NCCL INFO TUNER/Plugin: Failed to find ncclTunerPlugin_v2 symbol, using internal tuner instead.
nid008401:140528:140686 [1] NCCL INFO Init timings - ncclCommInitRankConfig: rank 9 nranks 16 total 0.37 (kernels 0.14, alloc 0.06, bootstrap 0.01, allgathers 0.00, topo 0.14, graphs 0.01, connections 0.01, rest 0.00)
nid008401:140527:140683 [0] NCCL INFO ncclCommInitRankConfig comm 0x5644b3cb98c0 rank 8 nranks 16 cudaDev 0 nvmlDev 0 busId 3000 commId 0x23c2d6937b5f13ac - Init COMPLETE
nid008401:140527:140683 [0] NCCL INFO Init timings - ncclCommInitRankConfig: rank 8 nranks 16 total 0.45 (kernels 0.14, alloc 0.08, bootstrap 0.07, allgathers 0.00, topo 0.14, graphs 0.01, connections 0.01, rest 0.00)
nid008404:1368302:1368485 [1] NCCL INFO Init timings - ncclCommInitRankConfig: rank 13 nranks 16 total 0.64 (kernels 0.09, alloc 0.06, bootstrap 0.32, allgathers 0.03, topo 0.11, graphs 0.01, connections 0.01, rest 0.00)
nid008401:140529:140684 [2] NCCL INFO TUNER/Plugin: Failed to find ncclTunerPlugin_v4 symbol.
nid008401:140529:140684 [2] NCCL INFO TUNER/Plugin: Failed to find ncclTunerPlugin_v3 symbol.
nid008401:140529:140684 [2] NCCL INFO TUNER/Plugin: Failed to find ncclTunerPlugin_v2 symbol, using internal tuner instead.
nid008401:140529:140684 [2] NCCL INFO ncclCommInitRankConfig comm 0x561140a47d40 rank 10 nranks 16 cudaDev 2 nvmlDev 2 busId 82000 commId 0x23c2d6937b5f13ac - Init COMPLETE
nid008404:1368301:1368487 [0] NCCL INFO TUNER/Plugin: Failed to find ncclTunerPlugin_v4 symbol.
nid008404:1368301:1368487 [0] NCCL INFO TUNER/Plugin: Failed to find ncclTunerPlugin_v3 symbol.
nid008404:1368301:1368487 [0] NCCL INFO TUNER/Plugin: Failed to find ncclTunerPlugin_v2 symbol, using internal tuner instead.
nid008404:1368301:1368487 [0] NCCL INFO ncclCommInitRankConfig comm 0x561b808cc900 rank 12 nranks 16 cudaDev 0 nvmlDev 0 busId 3000 commId 0x23c2d6937b5f13ac - Init COMPLETE
nid008404:1368301:1368487 [0] NCCL INFO Init timings - ncclCommInitRankConfig: rank 12 nranks 16 total 0.57 (kernels 0.11, alloc 0.04, bootstrap 0.25, allgathers 0.03, topo 0.12, graphs 0.01, connections 0.01, rest 0.00)
nid008401:140529:140684 [2] NCCL INFO Init timings - ncclCommInitRankConfig: rank 10 nranks 16 total 0.39 (kernels 0.09, alloc 0.08, bootstrap 0.05, allgathers 0.00, topo 0.14, graphs 0.01, connections 0.01, rest 0.00)
nid008397:263129:263311 [0] NCCL INFO TUNER/Plugin: Failed to find ncclTunerPlugin_v4 symbol.
nid008397:263129:263311 [0] NCCL INFO TUNER/Plugin: Failed to find ncclTunerPlugin_v3 symbol.
nid008397:263129:263311 [0] NCCL INFO TUNER/Plugin: Failed to find ncclTunerPlugin_v2 symbol, using internal tuner instead.
nid008397:263129:263311 [0] NCCL INFO ncclCommInitRankConfig comm 0x56437c3c5ec0 rank 0 nranks 16 cudaDev 0 nvmlDev 0 busId 3000 commId 0x23c2d6937b5f13ac - Init COMPLETE
nid008397:263129:263311 [0] NCCL INFO Init timings - ncclCommInitRankConfig: rank 0 nranks 16 total 0.89 (kernels 0.10, alloc 0.09, bootstrap 0.54, allgathers 0.02, topo 0.12, graphs 0.01, connections 0.01, rest 0.00)
nid008401:140530:140685 [3] NCCL INFO TUNER/Plugin: Failed to find ncclTunerPlugin_v4 symbol.
nid008401:140530:140685 [3] NCCL INFO TUNER/Plugin: Failed to find ncclTunerPlugin_v3 symbol.
nid008401:140530:140685 [3] NCCL INFO TUNER/Plugin: Failed to find ncclTunerPlugin_v2 symbol, using internal tuner instead.
nid008401:140530:140685 [3] NCCL INFO ncclCommInitRankConfig comm 0x55c44b9f7000 rank 11 nranks 16 cudaDev 3 nvmlDev 3 busId c1000 commId 0x23c2d6937b5f13ac - Init COMPLETE
nid008401:140530:140685 [3] NCCL INFO Init timings - ncclCommInitRankConfig: rank 11 nranks 16 total 0.38 (kernels 0.13, alloc 0.06, bootstrap 0.03, allgathers 0.00, topo 0.14, graphs 0.01, connections 0.01, rest 0.00)
nid008401:140527:140699 [0] NCCL INFO Channel 02/0 : 8[0] -> 9[1] via P2P/CUMEM/read
nid008404:1368301:1368501 [0] NCCL INFO Channel 02/0 : 12[0] -> 13[1] via P2P/CUMEM/read
nid008397:263129:263330 [0] NCCL INFO Channel 02/0 : 0[0] -> 1[1] via P2P/CUMEM/read
nid008404:1368301:1368501 [0] NCCL INFO Channel 03/0 : 12[0] -> 13[1] via P2P/CUMEM/read
nid008401:140527:140699 [0] NCCL INFO Channel 03/0 : 8[0] -> 9[1] via P2P/CUMEM/read
nid008401:140527:140699 [0] NCCL INFO Channel 06/0 : 8[0] -> 9[1] via P2P/CUMEM/read
nid008404:1368301:1368501 [0] NCCL INFO Channel 06/0 : 12[0] -> 13[1] via P2P/CUMEM/read
nid008397:263129:263330 [0] NCCL INFO Channel 03/0 : 0[0] -> 1[1] via P2P/CUMEM/read
nid008401:140527:140699 [0] NCCL INFO Channel 07/0 : 8[0] -> 9[1] via P2P/CUMEM/read
nid008397:263131:263327 [2] NCCL INFO Channel 01/0 : 2[2] -> 3[3] via P2P/CUMEM/read
nid008397:263129:263330 [0] NCCL INFO Channel 06/0 : 0[0] -> 1[1] via P2P/CUMEM/read
nid008397:263131:263327 [2] NCCL INFO Channel 05/0 : 2[2] -> 3[3] via P2P/CUMEM/read
nid008404:1368301:1368501 [0] NCCL INFO Channel 07/0 : 12[0] -> 13[1] via P2P/CUMEM/read
nid008397:263129:263330 [0] NCCL INFO Channel 07/0 : 0[0] -> 1[1] via P2P/CUMEM/read
nid008401:140528:140701 [1] NCCL INFO Channel 01/0 : 9[1] -> 10[2] via P2P/CUMEM/read
nid008404:1368302:1368500 [1] NCCL INFO Channel 00/0 : 13[1] -> 14[2] via P2P/CUMEM/read
nid008401:140529:140700 [2] NCCL INFO Channel 01/0 : 10[2] -> 11[3] via P2P/CUMEM/read
nid008401:140528:140701 [1] NCCL INFO Channel 03/0 : 9[1] -> 10[2] via P2P/CUMEM/read
nid008397:263130:263329 [1] NCCL INFO Channel 01/0 : 1[1] -> 2[2] via P2P/CUMEM/read
nid008401:140529:140700 [2] NCCL INFO Channel 05/0 : 10[2] -> 11[3] via P2P/CUMEM/read
nid008401:140528:140701 [1] NCCL INFO Channel 05/0 : 9[1] -> 10[2] via P2P/CUMEM/read
nid008397:263130:263329 [1] NCCL INFO Channel 03/0 : 1[1] -> 2[2] via P2P/CUMEM/read
nid008401:140528:140701 [1] NCCL INFO Channel 07/0 : 9[1] -> 10[2] via P2P/CUMEM/read
nid008404:1368302:1368500 [1] NCCL INFO Channel 02/0 : 13[1] -> 14[2] via P2P/CUMEM/read
nid008397:263130:263329 [1] NCCL INFO Channel 05/0 : 1[1] -> 2[2] via P2P/CUMEM/read
nid008404:1368302:1368500 [1] NCCL INFO Channel 04/0 : 13[1] -> 14[2] via P2P/CUMEM/read
nid008401:140527:140699 [0] NCCL INFO Channel 00/0 : 8[0] -> 11[3] via P2P/CUMEM/read
nid008397:263130:263329 [1] NCCL INFO Channel 07/0 : 1[1] -> 2[2] via P2P/CUMEM/read
nid008401:140529:140700 [2] NCCL INFO NCCL_NET_GDR_LEVEL set by environment to PHB
nid008401:140528:140701 [1] NCCL INFO Channel 02/0 : 9[1] -> 11[3] via P2P/CUMEM/read
nid008401:140527:140699 [0] NCCL INFO Channel 04/0 : 8[0] -> 11[3] via P2P/CUMEM/read
nid008404:1368302:1368500 [1] NCCL INFO Channel 06/0 : 13[1] -> 14[2] via P2P/CUMEM/read
nid008401:140528:140701 [1] NCCL INFO Channel 06/0 : 9[1] -> 11[3] via P2P/CUMEM/read
nid008397:263129:263330 [0] NCCL INFO Channel 00/0 : 0[0] -> 3[3] via P2P/CUMEM/read
nid008397:263131:263327 [2] NCCL INFO NCCL_NET_GDR_LEVEL set by environment to PHB
nid008397:263130:263329 [1] NCCL INFO Channel 02/0 : 1[1] -> 3[3] via P2P/CUMEM/read
nid008397:263129:263330 [0] NCCL INFO Channel 04/0 : 0[0] -> 3[3] via P2P/CUMEM/read
nid008404:1368301:1368501 [0] NCCL INFO Channel 01/0 : 12[0] -> 15[3] via P2P/CUMEM/read
nid008401:140528:140701 [1] NCCL INFO NCCL_NET_GDR_LEVEL set by environment to PHB
nid008397:263130:263329 [1] NCCL INFO Channel 06/0 : 1[1] -> 3[3] via P2P/CUMEM/read
nid008404:1368301:1368501 [0] NCCL INFO Channel 05/0 : 12[0] -> 15[3] via P2P/CUMEM/read
nid008404:1368303:1368502 [2] NCCL INFO Channel 00/0 : 14[2] -> 15[3] via P2P/CUMEM/read
nid008404:1368303:1368502 [2] NCCL INFO Channel 04/0 : 14[2] -> 15[3] via P2P/CUMEM/read
nid008397:263130:263329 [1] NCCL INFO NCCL_NET_GDR_LEVEL set by environment to PHB
nid008401:140527:140699 [0] NCCL INFO NCCL_NET_GDR_LEVEL set by environment to PHB
nid008401:140530:140702 [3] NCCL INFO NCCL_NET_GDR_LEVEL set by environment to PHB
nid008404:1368302:1368500 [1] NCCL INFO Channel 03/0 : 13[1] -> 15[3] via P2P/CUMEM/read
nid008404:1368303:1368502 [2] NCCL INFO NCCL_NET_GDR_LEVEL set by environment to PHB
nid008397:263129:263330 [0] NCCL INFO NCCL_NET_GDR_LEVEL set by environment to PHB
nid008397:263132:263328 [3] NCCL INFO NCCL_NET_GDR_LEVEL set by environment to PHB
nid008404:1368302:1368500 [1] NCCL INFO Channel 07/0 : 13[1] -> 15[3] via P2P/CUMEM/read
nid008404:1368302:1368500 [1] NCCL INFO NCCL_NET_GDR_LEVEL set by environment to PHB
nid008404:1368301:1368501 [0] NCCL INFO NCCL_NET_GDR_LEVEL set by environment to PHB
nid008404:1368304:1368503 [3] NCCL INFO NCCL_NET_GDR_LEVEL set by environment to PHB
nid008400:1242527:1242709 [0] NCCL INFO threadThresholds 8/8/64 | 128/8/64 | 512 | 512
nid008400:1242527:1242709 [0] NCCL INFO 8 coll channels, 8 collnet channels, 0 nvls channels, 8 p2p channels, 2 p2p channels per peer
nid008400:1242529:1242708 [2] NCCL INFO threadThresholds 8/8/64 | 128/8/64 | 512 | 512
nid008400:1242529:1242708 [2] NCCL INFO 8 coll channels, 8 collnet channels, 0 nvls channels, 8 p2p channels, 2 p2p channels per peer
nid008400:1242528:1242711 [1] NCCL INFO threadThresholds 8/8/64 | 128/8/64 | 512 | 512
nid008400:1242528:1242711 [1] NCCL INFO 8 coll channels, 8 collnet channels, 0 nvls channels, 8 p2p channels, 2 p2p channels per peer
nid008400:1242530:1242710 [3] NCCL INFO threadThresholds 8/8/64 | 128/8/64 | 512 | 512
nid008400:1242530:1242710 [3] NCCL INFO 8 coll channels, 8 collnet channels, 0 nvls channels, 8 p2p channels, 2 p2p channels per peer
nid008401:140529:140703 [2] NCCL INFO [Proxy Progress] Device 2 CPU core 11
nid008400:1242529:1242708 [2] NCCL INFO TUNER/Plugin: Failed to find ncclTunerPlugin_v4 symbol.
nid008400:1242530:1242710 [3] NCCL INFO TUNER/Plugin: Failed to find ncclTunerPlugin_v4 symbol.
nid008400:1242527:1242709 [0] NCCL INFO TUNER/Plugin: Failed to find ncclTunerPlugin_v4 symbol.
nid008400:1242528:1242711 [1] NCCL INFO TUNER/Plugin: Failed to find ncclTunerPlugin_v4 symbol.
nid008400:1242529:1242708 [2] NCCL INFO TUNER/Plugin: Failed to find ncclTunerPlugin_v3 symbol.
nid008400:1242527:1242709 [0] NCCL INFO TUNER/Plugin: Failed to find ncclTunerPlugin_v3 symbol.
nid008400:1242530:1242710 [3] NCCL INFO TUNER/Plugin: Failed to find ncclTunerPlugin_v3 symbol.
nid008400:1242529:1242708 [2] NCCL INFO TUNER/Plugin: Failed to find ncclTunerPlugin_v2 symbol, using internal tuner instead.
nid008400:1242528:1242711 [1] NCCL INFO TUNER/Plugin: Failed to find ncclTunerPlugin_v3 symbol.
nid008400:1242527:1242709 [0] NCCL INFO TUNER/Plugin: Failed to find ncclTunerPlugin_v2 symbol, using internal tuner instead.
nid008400:1242530:1242710 [3] NCCL INFO TUNER/Plugin: Failed to find ncclTunerPlugin_v2 symbol, using internal tuner instead.
nid008400:1242528:1242711 [1] NCCL INFO TUNER/Plugin: Failed to find ncclTunerPlugin_v2 symbol, using internal tuner instead.
nid008400:1242529:1242708 [2] NCCL INFO ncclCommInitRankConfig comm 0x563131a29c80 rank 6 nranks 16 cudaDev 2 nvmlDev 2 busId 82000 commId 0x23c2d6937b5f13ac - Init COMPLETE
nid008400:1242527:1242709 [0] NCCL INFO ncclCommInitRankConfig comm 0x559e817019c0 rank 4 nranks 16 cudaDev 0 nvmlDev 0 busId 3000 commId 0x23c2d6937b5f13ac - Init COMPLETE
nid008400:1242530:1242710 [3] NCCL INFO ncclCommInitRankConfig comm 0x55a09a08cd00 rank 7 nranks 16 cudaDev 3 nvmlDev 3 busId c1000 commId 0x23c2d6937b5f13ac - Init COMPLETE
nid008400:1242528:1242711 [1] NCCL INFO ncclCommInitRankConfig comm 0x55fbdc284bc0 rank 5 nranks 16 cudaDev 1 nvmlDev 1 busId 41000 commId 0x23c2d6937b5f13ac - Init COMPLETE
nid008400:1242529:1242708 [2] NCCL INFO Init timings - ncclCommInitRankConfig: rank 6 nranks 16 total 0.43 (kernels 0.16, alloc 0.09, bootstrap 0.00, allgathers 0.01, topo 0.12, graphs 0.02, connections 0.02, rest 0.00)
nid008400:1242527:1242709 [0] NCCL INFO Init timings - ncclCommInitRankConfig: rank 4 nranks 16 total 0.43 (kernels 0.12, alloc 0.13, bootstrap 0.00, allgathers 0.02, topo 0.12, graphs 0.01, connections 0.02, rest 0.00)
nid008400:1242530:1242710 [3] NCCL INFO Init timings - ncclCommInitRankConfig: rank 7 nranks 16 total 0.43 (kernels 0.12, alloc 0.13, bootstrap 0.00, allgathers 0.01, topo 0.12, graphs 0.02, connections 0.02, rest 0.00)
nid008400:1242528:1242711 [1] NCCL INFO Init timings - ncclCommInitRankConfig: rank 5 nranks 16 total 0.41 (kernels 0.10, alloc 0.13, bootstrap 0.00, allgathers 0.02, topo 0.12, graphs 0.01, connections 0.02, rest 0.00)
nid008397:263131:263331 [2] NCCL INFO [Proxy Progress] Device 2 CPU core 66
nid008401:140528:140704 [1] NCCL INFO [Proxy Progress] Device 1 CPU core 79
nid008401:140527:140706 [0] NCCL INFO [Proxy Progress] Device 0 CPU core 6
nid008397:263130:263332 [1] NCCL INFO [Proxy Progress] Device 1 CPU core 75
nid008401:140530:140707 [3] NCCL INFO [Proxy Progress] Device 3 CPU core 4
nid008397:263129:263334 [0] NCCL INFO [Proxy Progress] Device 0 CPU core 66
nid008397:263132:263335 [3] NCCL INFO [Proxy Progress] Device 3 CPU core 75
nid008404:1368303:1368504 [2] NCCL INFO [Proxy Progress] Device 2 CPU core 4
nid008404:1368302:1368505 [1] NCCL INFO [Proxy Progress] Device 1 CPU core 73
nid008404:1368301:1368506 [0] NCCL INFO [Proxy Progress] Device 0 CPU core 4
nid008404:1368304:1368507 [3] NCCL INFO [Proxy Progress] Device 3 CPU core 4
nid008401:140529:140700 [2] NCCL INFO Channel 02/0 : 6[2] -> 10[2] [receive] via NET/AWS Libfabric/3/GDRDMA
nid008401:140529:140700 [2] NCCL INFO Channel 06/0 : 6[2] -> 10[2] [receive] via NET/AWS Libfabric/3/GDRDMA
nid008397:263131:263327 [2] NCCL INFO Channel 02/0 : 14[2] -> 2[2] [receive] via NET/AWS Libfabric/3/GDRDMA
nid008401:140529:140700 [2] NCCL INFO Channel 03/0 : 10[2] -> 14[2] [send] via NET/AWS Libfabric/3/GDRDMA
nid008401:140529:140700 [2] NCCL INFO Channel 07/0 : 10[2] -> 14[2] [send] via NET/AWS Libfabric/3/GDRDMA
nid008397:263131:263327 [2] NCCL INFO Channel 06/0 : 14[2] -> 2[2] [receive] via NET/AWS Libfabric/3/GDRDMA
nid008397:263131:263327 [2] NCCL INFO Channel 03/0 : 2[2] -> 6[2] [send] via NET/AWS Libfabric/3/GDRDMA
nid008401:140528:140701 [1] NCCL INFO Channel 01/0 : 5[1] -> 9[1] [receive] via NET/AWS Libfabric/5/GDRDMA
nid008397:263131:263327 [2] NCCL INFO Channel 07/0 : 2[2] -> 6[2] [send] via NET/AWS Libfabric/3/GDRDMA
nid008401:140528:140701 [1] NCCL INFO Channel 05/0 : 5[1] -> 9[1] [receive] via NET/AWS Libfabric/5/GDRDMA
nid008401:140528:140701 [1] NCCL INFO Channel 00/0 : 9[1] -> 13[1] [send] via NET/AWS Libfabric/5/GDRDMA
nid008401:140528:140701 [1] NCCL INFO Channel 04/0 : 9[1] -> 13[1] [send] via NET/AWS Libfabric/5/GDRDMA
nid008401:140527:140699 [0] NCCL INFO Channel 00/0 : 4[0] -> 8[0] [receive] via NET/AWS Libfabric/7/GDRDMA
nid008401:140527:140699 [0] NCCL INFO Channel 04/0 : 4[0] -> 8[0] [receive] via NET/AWS Libfabric/7/GDRDMA
nid008401:140527:140699 [0] NCCL INFO Channel 01/0 : 8[0] -> 12[0] [send] via NET/AWS Libfabric/7/GDRDMA
nid008401:140527:140699 [0] NCCL INFO Channel 05/0 : 8[0] -> 12[0] [send] via NET/AWS Libfabric/7/GDRDMA
nid008401:140530:140702 [3] NCCL INFO Channel 03/0 : 7[3] -> 11[3] [receive] via NET/AWS Libfabric/1/GDRDMA
nid008401:140530:140702 [3] NCCL INFO Channel 07/0 : 7[3] -> 11[3] [receive] via NET/AWS Libfabric/1/GDRDMA
nid008397:263129:263330 [0] NCCL INFO Channel 00/0 : 12[0] -> 0[0] [receive] via NET/AWS Libfabric/7/GDRDMA
nid008397:263132:263328 [3] NCCL INFO Channel 03/0 : 15[3] -> 3[3] [receive] via NET/AWS Libfabric/1/GDRDMA
nid008401:140530:140702 [3] NCCL INFO Channel 02/0 : 11[3] -> 15[3] [send] via NET/AWS Libfabric/1/GDRDMA
nid008397:263129:263330 [0] NCCL INFO Channel 04/0 : 12[0] -> 0[0] [receive] via NET/AWS Libfabric/7/GDRDMA
nid008404:1368303:1368502 [2] NCCL INFO Channel 03/0 : 10[2] -> 14[2] [receive] via NET/AWS Libfabric/3/GDRDMA
nid008401:140530:140702 [3] NCCL INFO Channel 06/0 : 11[3] -> 15[3] [send] via NET/AWS Libfabric/1/GDRDMA
nid008397:263130:263329 [1] NCCL INFO Channel 01/0 : 13[1] -> 1[1] [receive] via NET/AWS Libfabric/5/GDRDMA
nid008397:263132:263328 [3] NCCL INFO Channel 07/0 : 15[3] -> 3[3] [receive] via NET/AWS Libfabric/1/GDRDMA
nid008397:263129:263330 [0] NCCL INFO Channel 01/0 : 0[0] -> 4[0] [send] via NET/AWS Libfabric/7/GDRDMA
nid008397:263132:263328 [3] NCCL INFO Channel 02/0 : 3[3] -> 7[3] [send] via NET/AWS Libfabric/1/GDRDMA
nid008404:1368303:1368502 [2] NCCL INFO Channel 07/0 : 10[2] -> 14[2] [receive] via NET/AWS Libfabric/3/GDRDMA
nid008397:263130:263329 [1] NCCL INFO Channel 05/0 : 13[1] -> 1[1] [receive] via NET/AWS Libfabric/5/GDRDMA
nid008397:263129:263330 [0] NCCL INFO Channel 05/0 : 0[0] -> 4[0] [send] via NET/AWS Libfabric/7/GDRDMA
nid008397:263132:263328 [3] NCCL INFO Channel 06/0 : 3[3] -> 7[3] [send] via NET/AWS Libfabric/1/GDRDMA
nid008404:1368303:1368502 [2] NCCL INFO Channel 02/0 : 14[2] -> 2[2] [send] via NET/AWS Libfabric/3/GDRDMA
nid008397:263130:263329 [1] NCCL INFO Channel 00/0 : 1[1] -> 5[1] [send] via NET/AWS Libfabric/5/GDRDMA
nid008404:1368303:1368502 [2] NCCL INFO Channel 06/0 : 14[2] -> 2[2] [send] via NET/AWS Libfabric/3/GDRDMA
nid008397:263130:263329 [1] NCCL INFO Channel 04/0 : 1[1] -> 5[1] [send] via NET/AWS Libfabric/5/GDRDMA
nid008404:1368303:1368502 [2] NCCL INFO Channel 03/0 : 14[2] -> 12[0] via P2P/CUMEM/read
nid008404:1368301:1368501 [0] NCCL INFO Channel 01/0 : 8[0] -> 12[0] [receive] via NET/AWS Libfabric/7/GDRDMA
nid008404:1368301:1368501 [0] NCCL INFO Channel 05/0 : 8[0] -> 12[0] [receive] via NET/AWS Libfabric/7/GDRDMA
nid008404:1368304:1368503 [3] NCCL INFO Channel 02/0 : 11[3] -> 15[3] [receive] via NET/AWS Libfabric/1/GDRDMA
nid008404:1368301:1368501 [0] NCCL INFO Channel 00/0 : 12[0] -> 0[0] [send] via NET/AWS Libfabric/7/GDRDMA
nid008404:1368301:1368501 [0] NCCL INFO Channel 04/0 : 12[0] -> 0[0] [send] via NET/AWS Libfabric/7/GDRDMA
nid008404:1368304:1368503 [3] NCCL INFO Channel 06/0 : 11[3] -> 15[3] [receive] via NET/AWS Libfabric/1/GDRDMA
nid008404:1368302:1368500 [1] NCCL INFO Channel 00/0 : 9[1] -> 13[1] [receive] via NET/AWS Libfabric/5/GDRDMA
nid008404:1368304:1368503 [3] NCCL INFO Channel 03/0 : 15[3] -> 3[3] [send] via NET/AWS Libfabric/1/GDRDMA
nid008404:1368302:1368500 [1] NCCL INFO Channel 04/0 : 9[1] -> 13[1] [receive] via NET/AWS Libfabric/5/GDRDMA
nid008404:1368304:1368503 [3] NCCL INFO Channel 07/0 : 15[3] -> 3[3] [send] via NET/AWS Libfabric/1/GDRDMA
nid008404:1368302:1368500 [1] NCCL INFO Channel 01/0 : 13[1] -> 1[1] [send] via NET/AWS Libfabric/5/GDRDMA
nid008404:1368302:1368500 [1] NCCL INFO Channel 05/0 : 13[1] -> 1[1] [send] via NET/AWS Libfabric/5/GDRDMA
nid008404:1368303:1368502 [2] NCCL INFO Channel 07/0 : 14[2] -> 12[0] via P2P/CUMEM/read
nid008404:1368304:1368503 [3] NCCL INFO Channel 00/0 : 15[3] -> 12[0] via P2P/CUMEM/read
nid008404:1368304:1368503 [3] NCCL INFO Channel 02/0 : 15[3] -> 12[0] via P2P/CUMEM/read
nid008404:1368304:1368503 [3] NCCL INFO Channel 04/0 : 15[3] -> 12[0] via P2P/CUMEM/read
nid008400:1242527:1242726 [0] NCCL INFO Channel 02/0 : 4[0] -> 5[1] via P2P/CUMEM/read
nid008404:1368304:1368503 [3] NCCL INFO Channel 06/0 : 15[3] -> 12[0] via P2P/CUMEM/read
nid008400:1242527:1242726 [0] NCCL INFO Channel 03/0 : 4[0] -> 5[1] via P2P/CUMEM/read
nid008400:1242527:1242726 [0] NCCL INFO Channel 06/0 : 4[0] -> 5[1] via P2P/CUMEM/read
nid008400:1242527:1242726 [0] NCCL INFO Channel 07/0 : 4[0] -> 5[1] via P2P/CUMEM/read
nid008404:1368304:1368503 [3] NCCL INFO Channel 01/0 : 15[3] -> 14[2] via P2P/CUMEM/read
nid008400:1242528:1242725 [1] NCCL INFO Channel 00/0 : 5[1] -> 6[2] via P2P/CUMEM/read
nid008400:1242528:1242725 [1] NCCL INFO Channel 02/0 : 5[1] -> 6[2] via P2P/CUMEM/read
nid008400:1242528:1242725 [1] NCCL INFO Channel 04/0 : 5[1] -> 6[2] via P2P/CUMEM/read
nid008400:1242528:1242725 [1] NCCL INFO Channel 06/0 : 5[1] -> 6[2] via P2P/CUMEM/read
nid008400:1242527:1242726 [0] NCCL INFO Channel 01/0 : 4[0] -> 7[3] via P2P/CUMEM/read
nid008404:1368304:1368503 [3] NCCL INFO Channel 05/0 : 15[3] -> 14[2] via P2P/CUMEM/read
nid008400:1242527:1242726 [0] NCCL INFO Channel 05/0 : 4[0] -> 7[3] via P2P/CUMEM/read
nid008400:1242529:1242727 [2] NCCL INFO Channel 00/0 : 6[2] -> 7[3] via P2P/CUMEM/read
nid008400:1242529:1242727 [2] NCCL INFO Channel 04/0 : 6[2] -> 7[3] via P2P/CUMEM/read
nid008400:1242528:1242725 [1] NCCL INFO Channel 03/0 : 5[1] -> 7[3] via P2P/CUMEM/read
nid008400:1242529:1242727 [2] NCCL INFO NCCL_NET_GDR_LEVEL set by environment to PHB
nid008400:1242528:1242725 [1] NCCL INFO Channel 07/0 : 5[1] -> 7[3] via P2P/CUMEM/read
nid008400:1242528:1242725 [1] NCCL INFO NCCL_NET_GDR_LEVEL set by environment to PHB
nid008400:1242527:1242726 [0] NCCL INFO NCCL_NET_GDR_LEVEL set by environment to PHB
nid008400:1242530:1242724 [3] NCCL INFO NCCL_NET_GDR_LEVEL set by environment to PHB
nid008404:1368303:1368502 [2] NCCL INFO Channel 01/0 : 14[2] -> 13[1] via P2P/CUMEM/read
nid008404:1368303:1368502 [2] NCCL INFO Channel 05/0 : 14[2] -> 13[1] via P2P/CUMEM/read
nid008400:1242528:1242728 [1] NCCL INFO [Proxy Progress] Device 1 CPU core 2
nid008400:1242527:1242729 [0] NCCL INFO [Proxy Progress] Device 0 CPU core 72
nid008400:1242530:1242730 [3] NCCL INFO [Proxy Progress] Device 3 CPU core 5
nid008400:1242529:1242732 [2] NCCL INFO [Proxy Progress] Device 2 CPU core 6
nid008400:1242528:1242725 [1] NCCL INFO Channel 00/0 : 1[1] -> 5[1] [receive] via NET/AWS Libfabric/5/GDRDMA
nid008400:1242528:1242725 [1] NCCL INFO Channel 04/0 : 1[1] -> 5[1] [receive] via NET/AWS Libfabric/5/GDRDMA
nid008400:1242528:1242725 [1] NCCL INFO Channel 01/0 : 5[1] -> 9[1] [send] via NET/AWS Libfabric/5/GDRDMA
nid008400:1242528:1242725 [1] NCCL INFO Channel 05/0 : 5[1] -> 9[1] [send] via NET/AWS Libfabric/5/GDRDMA
nid008400:1242527:1242726 [0] NCCL INFO Channel 01/0 : 0[0] -> 4[0] [receive] via NET/AWS Libfabric/7/GDRDMA
nid008400:1242527:1242726 [0] NCCL INFO Channel 05/0 : 0[0] -> 4[0] [receive] via NET/AWS Libfabric/7/GDRDMA
nid008400:1242530:1242724 [3] NCCL INFO Channel 02/0 : 3[3] -> 7[3] [receive] via NET/AWS Libfabric/1/GDRDMA
nid008400:1242527:1242726 [0] NCCL INFO Channel 00/0 : 4[0] -> 8[0] [send] via NET/AWS Libfabric/7/GDRDMA
nid008400:1242530:1242724 [3] NCCL INFO Channel 06/0 : 3[3] -> 7[3] [receive] via NET/AWS Libfabric/1/GDRDMA
nid008400:1242527:1242726 [0] NCCL INFO Channel 04/0 : 4[0] -> 8[0] [send] via NET/AWS Libfabric/7/GDRDMA
nid008400:1242530:1242724 [3] NCCL INFO Channel 03/0 : 7[3] -> 11[3] [send] via NET/AWS Libfabric/1/GDRDMA
nid008400:1242530:1242724 [3] NCCL INFO Channel 07/0 : 7[3] -> 11[3] [send] via NET/AWS Libfabric/1/GDRDMA
nid008397:263132:263328 [3] NCCL INFO Channel 01/0 : 3[3] -> 0[0] via P2P/CUMEM/read
nid008400:1242530:1242724 [3] NCCL INFO Channel 00/0 : 7[3] -> 4[0] via P2P/CUMEM/read
nid008401:140530:140702 [3] NCCL INFO Channel 01/0 : 11[3] -> 8[0] via P2P/CUMEM/read
nid008397:263132:263328 [3] NCCL INFO Channel 03/0 : 3[3] -> 0[0] via P2P/CUMEM/read
nid008401:140530:140702 [3] NCCL INFO Channel 03/0 : 11[3] -> 8[0] via P2P/CUMEM/read
nid008397:263132:263328 [3] NCCL INFO Channel 05/0 : 3[3] -> 0[0] via P2P/CUMEM/read
nid008401:140530:140702 [3] NCCL INFO Channel 05/0 : 11[3] -> 8[0] via P2P/CUMEM/read
nid008397:263132:263328 [3] NCCL INFO Channel 07/0 : 3[3] -> 0[0] via P2P/CUMEM/read
nid008401:140530:140702 [3] NCCL INFO Channel 07/0 : 11[3] -> 8[0] via P2P/CUMEM/read
nid008397:263132:263328 [3] NCCL INFO Channel 00/0 : 3[3] -> 2[2] via P2P/CUMEM/read
nid008401:140530:140702 [3] NCCL INFO Channel 00/0 : 11[3] -> 10[2] via P2P/CUMEM/read
nid008400:1242530:1242724 [3] NCCL INFO Channel 02/0 : 7[3] -> 4[0] via P2P/CUMEM/read
nid008397:263132:263328 [3] NCCL INFO Channel 04/0 : 3[3] -> 2[2] via P2P/CUMEM/read
nid008401:140530:140702 [3] NCCL INFO Channel 04/0 : 11[3] -> 10[2] via P2P/CUMEM/read
nid008400:1242529:1242727 [2] NCCL INFO Channel 03/0 : 2[2] -> 6[2] [receive] via NET/AWS Libfabric/3/GDRDMA
nid008400:1242529:1242727 [2] NCCL INFO Channel 07/0 : 2[2] -> 6[2] [receive] via NET/AWS Libfabric/3/GDRDMA
nid008400:1242529:1242727 [2] NCCL INFO Channel 02/0 : 6[2] -> 10[2] [send] via NET/AWS Libfabric/3/GDRDMA
nid008400:1242529:1242727 [2] NCCL INFO Channel 06/0 : 6[2] -> 10[2] [send] via NET/AWS Libfabric/3/GDRDMA
nid008400:1242530:1242724 [3] NCCL INFO Channel 04/0 : 7[3] -> 4[0] via P2P/CUMEM/read
nid008397:263131:263327 [2] NCCL INFO Channel 02/0 : 2[2] -> 0[0] via P2P/CUMEM/read
nid008400:1242530:1242724 [3] NCCL INFO Channel 06/0 : 7[3] -> 4[0] via P2P/CUMEM/read
nid008400:1242529:1242727 [2] NCCL INFO Channel 03/0 : 6[2] -> 4[0] via P2P/CUMEM/read
nid008401:140529:140700 [2] NCCL INFO Channel 02/0 : 10[2] -> 8[0] via P2P/CUMEM/read
nid008397:263131:263327 [2] NCCL INFO Channel 06/0 : 2[2] -> 0[0] via P2P/CUMEM/read
nid008401:140529:140700 [2] NCCL INFO Channel 06/0 : 10[2] -> 8[0] via P2P/CUMEM/read
nid008400:1242529:1242727 [2] NCCL INFO Channel 07/0 : 6[2] -> 4[0] via P2P/CUMEM/read
nid008400:1242530:1242724 [3] NCCL INFO Channel 01/0 : 7[3] -> 6[2] via P2P/CUMEM/read
nid008400:1242530:1242724 [3] NCCL INFO Channel 05/0 : 7[3] -> 6[2] via P2P/CUMEM/read
nid008397:263131:263327 [2] NCCL INFO Channel 00/0 : 2[2] -> 1[1] via P2P/CUMEM/read
nid008401:140529:140700 [2] NCCL INFO Channel 00/0 : 10[2] -> 9[1] via P2P/CUMEM/read
nid008400:1242529:1242727 [2] NCCL INFO Channel 01/0 : 6[2] -> 5[1] via P2P/CUMEM/read
nid008397:263131:263327 [2] NCCL INFO Channel 04/0 : 2[2] -> 1[1] via P2P/CUMEM/read
nid008401:140529:140700 [2] NCCL INFO Channel 04/0 : 10[2] -> 9[1] via P2P/CUMEM/read
nid008400:1242529:1242727 [2] NCCL INFO Channel 05/0 : 6[2] -> 5[1] via P2P/CUMEM/read
nid008401:140529:140700 [2] NCCL INFO Connected all rings, use ring PXN 0 GDR 1
nid008401:140527:140699 [0] NCCL INFO Connected all rings, use ring PXN 0 GDR 1
nid008401:140528:140701 [1] NCCL INFO Connected all rings, use ring PXN 0 GDR 1
nid008400:1242530:1242724 [3] NCCL INFO Connected all rings, use ring PXN 0 GDR 1
nid008400:1242529:1242727 [2] NCCL INFO Connected all rings, use ring PXN 0 GDR 1
nid008397:263129:263330 [0] NCCL INFO Connected all rings, use ring PXN 0 GDR 1
nid008397:263130:263329 [1] NCCL INFO Connected all rings, use ring PXN 0 GDR 1
nid008397:263131:263327 [2] NCCL INFO Connected all rings, use ring PXN 0 GDR 1
nid008397:263132:263328 [3] NCCL INFO Connected all rings, use ring PXN 0 GDR 1
nid008401:140530:140702 [3] NCCL INFO Connected all rings, use ring PXN 0 GDR 1
nid008400:1242527:1242726 [0] NCCL INFO Connected all rings, use ring PXN 0 GDR 1
nid008400:1242528:1242725 [1] NCCL INFO Connected all rings, use ring PXN 0 GDR 1
nid008404:1368304:1368503 [3] NCCL INFO Connected all rings, use ring PXN 0 GDR 1
nid008404:1368303:1368502 [2] NCCL INFO Connected all rings, use ring PXN 0 GDR 1
nid008404:1368302:1368500 [1] NCCL INFO Connected all rings, use ring PXN 0 GDR 1
nid008404:1368301:1368501 [0] NCCL INFO Connected all rings, use ring PXN 0 GDR 1
nid008400:1242529:1242752 [2] NCCL INFO Channel 03/0 : 6[2] -> 7[3] via P2P/CUMEM/read
nid008400:1242529:1242752 [2] NCCL INFO Channel 07/0 : 6[2] -> 7[3] via P2P/CUMEM/read
nid008400:1242527:1242753 [0] NCCL INFO Channel 01/0 : 4[0] -> 5[1] via P2P/CUMEM/read
nid008400:1242527:1242753 [0] NCCL INFO Channel 05/0 : 4[0] -> 5[1] via P2P/CUMEM/read
nid008400:1242530:1242754 [3] NCCL INFO Channel 04/0 : 7[3] -> 8[0] [send] via NET/AWS Libfabric/7
nid008400:1242528:1242755 [1] NCCL INFO Channel 03/0 : 5[1] -> 6[2] via P2P/CUMEM/read
nid008400:1242528:1242755 [1] NCCL INFO Channel 07/0 : 5[1] -> 6[2] via P2P/CUMEM/read
nid008400:1242527:1242753 [0] NCCL INFO Channel 01/0 : 4[0] -> 6[2] via P2P/CUMEM/read
nid008400:1242528:1242755 [1] NCCL INFO Channel 01/0 : 5[1] -> 7[3] via P2P/CUMEM/read
nid008400:1242527:1242753 [0] NCCL INFO Channel 02/0 : 4[0] -> 6[2] via P2P/CUMEM/read
nid008400:1242528:1242755 [1] NCCL INFO Channel 02/0 : 5[1] -> 7[3] via P2P/CUMEM/read
nid008400:1242527:1242753 [0] NCCL INFO Channel 05/0 : 4[0] -> 6[2] via P2P/CUMEM/read
nid008400:1242528:1242755 [1] NCCL INFO Channel 05/0 : 5[1] -> 7[3] via P2P/CUMEM/read
nid008400:1242527:1242753 [0] NCCL INFO Channel 06/0 : 4[0] -> 6[2] via P2P/CUMEM/read
nid008400:1242528:1242755 [1] NCCL INFO Channel 06/0 : 5[1] -> 7[3] via P2P/CUMEM/read
nid008400:1242529:1242752 [2] NCCL INFO Channel 02/0 : 6[2] -> 8[0] [send] via NET/AWS Libfabric/3/GDRDMA
nid008400:1242527:1242753 [0] NCCL INFO Channel 00/0 : 4[0] -> 7[3] via P2P/CUMEM/read
nid008400:1242527:1242753 [0] NCCL INFO Channel 03/0 : 4[0] -> 7[3] via P2P/CUMEM/read
nid008400:1242527:1242753 [0] NCCL INFO Channel 04/0 : 4[0] -> 7[3] via P2P/CUMEM/read
nid008400:1242527:1242753 [0] NCCL INFO Channel 07/0 : 4[0] -> 7[3] via P2P/CUMEM/read
nid008404:1368303:1368550 [2] NCCL INFO Channel 03/0 : 14[2] -> 15[3] via P2P/CUMEM/read
nid008404:1368303:1368550 [2] NCCL INFO Channel 07/0 : 14[2] -> 15[3] via P2P/CUMEM/read
nid008404:1368302:1368551 [1] NCCL INFO Channel 03/0 : 13[1] -> 14[2] via P2P/CUMEM/read
nid008404:1368302:1368551 [1] NCCL INFO Channel 07/0 : 13[1] -> 14[2] via P2P/CUMEM/read
nid008404:1368301:1368553 [0] NCCL INFO Channel 01/0 : 12[0] -> 13[1] via P2P/CUMEM/read
nid008404:1368301:1368553 [0] NCCL INFO Channel 05/0 : 12[0] -> 13[1] via P2P/CUMEM/read
nid008404:1368302:1368551 [1] NCCL INFO Channel 01/0 : 13[1] -> 15[3] via P2P/CUMEM/read
nid008404:1368301:1368553 [0] NCCL INFO Channel 01/0 : 12[0] -> 14[2] via P2P/CUMEM/read
nid008404:1368302:1368551 [1] NCCL INFO Channel 02/0 : 13[1] -> 15[3] via P2P/CUMEM/read
nid008404:1368301:1368553 [0] NCCL INFO Channel 02/0 : 12[0] -> 14[2] via P2P/CUMEM/read
nid008404:1368302:1368551 [1] NCCL INFO Channel 05/0 : 13[1] -> 15[3] via P2P/CUMEM/read
nid008404:1368301:1368553 [0] NCCL INFO Channel 05/0 : 12[0] -> 14[2] via P2P/CUMEM/read
nid008404:1368302:1368551 [1] NCCL INFO Channel 06/0 : 13[1] -> 15[3] via P2P/CUMEM/read
nid008404:1368301:1368553 [0] NCCL INFO Channel 06/0 : 12[0] -> 14[2] via P2P/CUMEM/read
nid008404:1368301:1368553 [0] NCCL INFO Channel 00/0 : 12[0] -> 15[3] via P2P/CUMEM/read
nid008404:1368303:1368550 [2] NCCL INFO Channel 02/0 : 10[2] -> 14[2] [receive] via NET/AWS Libfabric/3/GDRDMA
nid008404:1368302:1368551 [1] NCCL INFO Channel 03/0 : 9[1] -> 13[1] [receive] via NET/AWS Libfabric/5/GDRDMA
nid008404:1368301:1368553 [0] NCCL INFO Channel 03/0 : 12[0] -> 15[3] via P2P/CUMEM/read
nid008404:1368301:1368553 [0] NCCL INFO Channel 04/0 : 12[0] -> 15[3] via P2P/CUMEM/read
nid008404:1368301:1368553 [0] NCCL INFO Channel 07/0 : 12[0] -> 15[3] via P2P/CUMEM/read
nid008404:1368304:1368552 [3] NCCL INFO Channel 01/0 : 11[3] -> 15[3] [receive] via NET/AWS Libfabric/1/GDRDMA
nid008404:1368301:1368553 [0] NCCL INFO Channel 00/0 : 8[0] -> 12[0] [receive] via NET/AWS Libfabric/7/GDRDMA
nid008401:140528:140750 [1] NCCL INFO Channel 00/0 : 9[1] -> 10[2] via P2P/CUMEM/read
nid008401:140528:140750 [1] NCCL INFO Channel 04/0 : 9[1] -> 10[2] via P2P/CUMEM/read
nid008401:140529:140751 [2] NCCL INFO Channel 00/0 : 10[2] -> 11[3] via P2P/CUMEM/read
nid008401:140529:140751 [2] NCCL INFO Channel 03/0 : 10[2] -> 11[3] via P2P/CUMEM/read
nid008401:140529:140751 [2] NCCL INFO Channel 04/0 : 10[2] -> 11[3] via P2P/CUMEM/read
nid008401:140529:140751 [2] NCCL INFO Channel 07/0 : 10[2] -> 11[3] via P2P/CUMEM/read
nid008401:140527:140752 [0] NCCL INFO Channel 04/0 : 7[3] -> 8[0] [receive] via NET/AWS Libfabric/7/GDRDMA
nid008401:140527:140752 [0] NCCL INFO Channel 01/0 : 8[0] -> 9[1] via P2P/CUMEM/read
nid008401:140527:140752 [0] NCCL INFO Channel 05/0 : 8[0] -> 9[1] via P2P/CUMEM/read
nid008401:140528:140750 [1] NCCL INFO Channel 01/0 : 7[3] -> 9[1] [receive] via NET/AWS Libfabric/1
nid008401:140528:140750 [1] NCCL INFO Channel 01/0 : 9[1] -> 11[3] via P2P/CUMEM/read
nid008400:1242530:1242754 [3] NCCL INFO Channel 01/0 : 7[3] -> 9[1] [send] via NET/AWS Libfabric/1/GDRDMA
nid008401:140528:140750 [1] NCCL INFO Channel 05/0 : 9[1] -> 11[3] via P2P/CUMEM/read
nid008401:140527:140752 [0] NCCL INFO Channel 02/0 : 6[2] -> 8[0] [receive] via NET/AWS Libfabric/3
nid008401:140527:140752 [0] NCCL INFO Channel 01/0 : 8[0] -> 10[2] via P2P/CUMEM/read
nid008400:1242528:1242755 [1] NCCL INFO Channel 07/0 : 1[1] -> 5[1] [receive] via NET/AWS Libfabric/5/GDRDMA
nid008401:140527:140752 [0] NCCL INFO Channel 02/0 : 8[0] -> 10[2] via P2P/CUMEM/read
nid008401:140528:140750 [1] NCCL INFO Channel 07/0 : 6[2] -> 9[1] [receive] via NET/AWS Libfabric/5/GDRDMA
nid008401:140527:140752 [0] NCCL INFO Channel 05/0 : 8[0] -> 10[2] via P2P/CUMEM/read
nid008401:140527:140752 [0] NCCL INFO Channel 06/0 : 8[0] -> 10[2] via P2P/CUMEM/read
nid008401:140527:140752 [0] NCCL INFO Channel 03/0 : 8[0] -> 11[3] via P2P/CUMEM/read
nid008401:140529:140751 [2] NCCL INFO Channel 02/0 : 10[2] -> 14[2] [send] via NET/AWS Libfabric/3/GDRDMA
nid008401:140527:140752 [0] NCCL INFO Channel 07/0 : 8[0] -> 11[3] via P2P/CUMEM/read
nid008404:1368303:1368550 [2] NCCL INFO Channel 06/0 : 6[2] -> 14[2] [receive] via NET/AWS Libfabric/3/GDRDMA
nid008401:140530:140749 [3] NCCL INFO Channel 01/0 : 11[3] -> 15[3] [send] via NET/AWS Libfabric/1/GDRDMA
nid008401:140527:140752 [0] NCCL INFO Channel 00/0 : 8[0] -> 12[0] [send] via NET/AWS Libfabric/7/GDRDMA
nid008400:1242529:1242752 [2] NCCL INFO Channel 07/0 : 6[2] -> 9[1] [send] via NET/AWS Libfabric/5
nid008404:1368303:1368550 [2] NCCL INFO Channel 06/0 : 14[2] -> 6[2] [send] via NET/AWS Libfabric/3/GDRDMA
nid008401:140527:140752 [0] NCCL INFO Channel 00/0 : 0[0] -> 8[0] [receive] via NET/AWS Libfabric/7/GDRDMA
nid008401:140530:140749 [3] NCCL INFO Channel 05/0 : 5[1] -> 11[3] [receive] via NET/AWS Libfabric/1/GDRDMA
nid008401:140528:140750 [1] NCCL INFO Channel 03/0 : 9[1] -> 13[1] [send] via NET/AWS Libfabric/5/GDRDMA
nid008404:1368301:1368553 [0] NCCL INFO Channel 04/0 : 4[0] -> 12[0] [receive] via NET/AWS Libfabric/7/GDRDMA
nid008400:1242529:1242752 [2] NCCL INFO Channel 06/0 : 2[2] -> 6[2] [receive] via NET/AWS Libfabric/3/GDRDMA
nid008404:1368304:1368552 [3] NCCL INFO Channel 05/0 : 7[3] -> 15[3] [receive] via NET/AWS Libfabric/1/GDRDMA
nid008401:140527:140752 [0] NCCL INFO Channel 00/0 : 8[0] -> 0[0] [send] via NET/AWS Libfabric/7/GDRDMA
nid008404:1368304:1368552 [3] NCCL INFO Channel 05/0 : 15[3] -> 7[3] [send] via NET/AWS Libfabric/1/GDRDMA
nid008404:1368301:1368553 [0] NCCL INFO Channel 04/0 : 12[0] -> 4[0] [send] via NET/AWS Libfabric/7/GDRDMA
nid008401:140528:140750 [1] NCCL INFO Channel 03/0 : 1[1] -> 9[1] [receive] via NET/AWS Libfabric/5/GDRDMA
nid008404:1368302:1368551 [1] NCCL INFO Channel 07/0 : 5[1] -> 13[1] [receive] via NET/AWS Libfabric/5/GDRDMA
nid008401:140528:140750 [1] NCCL INFO Channel 03/0 : 9[1] -> 1[1] [send] via NET/AWS Libfabric/5/GDRDMA
nid008404:1368302:1368551 [1] NCCL INFO Channel 07/0 : 13[1] -> 5[1] [send] via NET/AWS Libfabric/5/GDRDMA
nid008400:1242530:1242754 [3] NCCL INFO Channel 05/0 : 3[3] -> 7[3] [receive] via NET/AWS Libfabric/1/GDRDMA
nid008400:1242527:1242753 [0] NCCL INFO Channel 04/0 : 0[0] -> 4[0] [receive] via NET/AWS Libfabric/7/GDRDMA
nid008401:140529:140751 [2] NCCL INFO Channel 03/0 : 5[1] -> 10[2] [receive] via NET/AWS Libfabric/5
nid008397:263130:263356 [1] NCCL INFO Channel 00/0 : 1[1] -> 2[2] via P2P/CUMEM/read
nid008397:263130:263356 [1] NCCL INFO Channel 04/0 : 1[1] -> 2[2] via P2P/CUMEM/read
nid008397:263129:263357 [0] NCCL INFO Channel 01/0 : 0[0] -> 1[1] via P2P/CUMEM/read
nid008397:263129:263357 [0] NCCL INFO Channel 05/0 : 0[0] -> 1[1] via P2P/CUMEM/read
nid008397:263129:263357 [0] NCCL INFO Channel 01/0 : 0[0] -> 2[2] via P2P/CUMEM/read
nid008397:263129:263357 [0] NCCL INFO Channel 02/0 : 0[0] -> 2[2] via P2P/CUMEM/read
nid008397:263129:263357 [0] NCCL INFO Channel 05/0 : 0[0] -> 2[2] via P2P/CUMEM/read
nid008397:263129:263357 [0] NCCL INFO Channel 06/0 : 0[0] -> 2[2] via P2P/CUMEM/read
nid008397:263131:263358 [2] NCCL INFO Channel 00/0 : 2[2] -> 3[3] via P2P/CUMEM/read
nid008397:263131:263358 [2] NCCL INFO Channel 03/0 : 2[2] -> 3[3] via P2P/CUMEM/read
nid008397:263131:263358 [2] NCCL INFO Channel 04/0 : 2[2] -> 3[3] via P2P/CUMEM/read
nid008397:263131:263358 [2] NCCL INFO Channel 07/0 : 2[2] -> 3[3] via P2P/CUMEM/read
nid008397:263130:263356 [1] NCCL INFO Channel 01/0 : 1[1] -> 3[3] via P2P/CUMEM/read
nid008397:263130:263356 [1] NCCL INFO Channel 05/0 : 1[1] -> 3[3] via P2P/CUMEM/read
nid008397:263130:263356 [1] NCCL INFO Channel 07/0 : 1[1] -> 5[1] [send] via NET/AWS Libfabric/5/GDRDMA
nid008397:263129:263357 [0] NCCL INFO Channel 03/0 : 0[0] -> 3[3] via P2P/CUMEM/read
nid008397:263131:263358 [2] NCCL INFO Channel 06/0 : 2[2] -> 6[2] [send] via NET/AWS Libfabric/3/GDRDMA
nid008397:263129:263357 [0] NCCL INFO Channel 07/0 : 0[0] -> 3[3] via P2P/CUMEM/read
nid008397:263131:263358 [2] NCCL INFO Channel 02/0 : 10[2] -> 2[2] [receive] via NET/AWS Libfabric/3/GDRDMA
nid008397:263130:263356 [1] NCCL INFO Channel 03/0 : 9[1] -> 1[1] [receive] via NET/AWS Libfabric/5/GDRDMA
nid008397:263131:263358 [2] NCCL INFO Channel 02/0 : 2[2] -> 10[2] [send] via NET/AWS Libfabric/3/GDRDMA
nid008397:263130:263356 [1] NCCL INFO Channel 03/0 : 1[1] -> 9[1] [send] via NET/AWS Libfabric/5/GDRDMA
nid008400:1242529:1242752 [2] NCCL INFO Channel 06/0 : 14[2] -> 6[2] [receive] via NET/AWS Libfabric/3/GDRDMA
nid008400:1242528:1242755 [1] NCCL INFO Channel 03/0 : 5[1] -> 10[2] [send] via NET/AWS Libfabric/5/GDRDMA
nid008400:1242529:1242752 [2] NCCL INFO Channel 06/0 : 6[2] -> 14[2] [send] via NET/AWS Libfabric/3/GDRDMA
nid008397:263132:263355 [3] NCCL INFO Channel 05/0 : 3[3] -> 7[3] [send] via NET/AWS Libfabric/1/GDRDMA
nid008397:263129:263357 [0] NCCL INFO Channel 04/0 : 0[0] -> 4[0] [send] via NET/AWS Libfabric/7/GDRDMA
nid008400:1242528:1242755 [1] NCCL INFO Channel 05/0 : 5[1] -> 11[3] [send] via NET/AWS Libfabric/1
nid008397:263130:263356 [1] NCCL INFO Channel 07/0 : 5[1] -> 1[1] [receive] via NET/AWS Libfabric/5/GDRDMA
nid008400:1242529:1242752 [2] NCCL INFO Channel 06/0 : 6[2] -> 2[2] [send] via NET/AWS Libfabric/3/GDRDMA
nid008397:263132:263355 [3] NCCL INFO Channel 01/0 : 11[3] -> 3[3] [receive] via NET/AWS Libfabric/1/GDRDMA
nid008397:263129:263357 [0] NCCL INFO Channel 00/0 : 8[0] -> 0[0] [receive] via NET/AWS Libfabric/7/GDRDMA
nid008397:263132:263355 [3] NCCL INFO Channel 01/0 : 3[3] -> 11[3] [send] via NET/AWS Libfabric/1/GDRDMA
nid008400:1242527:1242753 [0] NCCL INFO Channel 06/0 : 4[0] -> 10[2] [send] via NET/AWS Libfabric/3
nid008400:1242530:1242754 [3] NCCL INFO Channel 05/0 : 15[3] -> 7[3] [receive] via NET/AWS Libfabric/1/GDRDMA
nid008397:263129:263357 [0] NCCL INFO Channel 00/0 : 0[0] -> 8[0] [send] via NET/AWS Libfabric/7/GDRDMA
nid008401:140529:140751 [2] NCCL INFO Channel 06/0 : 4[0] -> 10[2] [receive] via NET/AWS Libfabric/3/GDRDMA
nid008401:140528:140750 [1] NCCL INFO Channel 03/0 : 13[1] -> 9[1] [receive] via NET/AWS Libfabric/5/GDRDMA
nid008404:1368303:1368550 [2] NCCL INFO Channel 02/0 : 14[2] -> 10[2] [send] via NET/AWS Libfabric/3/GDRDMA
nid008400:1242530:1242754 [3] NCCL INFO Channel 05/0 : 7[3] -> 15[3] [send] via NET/AWS Libfabric/1/GDRDMA
nid008400:1242528:1242755 [1] NCCL INFO Channel 07/0 : 13[1] -> 5[1] [receive] via NET/AWS Libfabric/5/GDRDMA
nid008400:1242528:1242755 [1] NCCL INFO Channel 07/0 : 5[1] -> 13[1] [send] via NET/AWS Libfabric/5/GDRDMA
nid008397:263129:263357 [0] NCCL INFO Channel 04/0 : 4[0] -> 0[0] [receive] via NET/AWS Libfabric/7/GDRDMA
nid008400:1242527:1242753 [0] NCCL INFO Channel 00/0 : 4[0] -> 11[3] [send] via NET/AWS Libfabric/7/GDRDMA
nid008400:1242530:1242754 [3] NCCL INFO Channel 05/0 : 7[3] -> 3[3] [send] via NET/AWS Libfabric/1/GDRDMA
nid008401:140529:140751 [2] NCCL INFO Channel 02/0 : 2[2] -> 10[2] [receive] via NET/AWS Libfabric/3/GDRDMA
nid008401:140527:140752 [0] NCCL INFO Channel 00/0 : 12[0] -> 8[0] [receive] via NET/AWS Libfabric/7/GDRDMA
nid008401:140529:140751 [2] NCCL INFO Channel 02/0 : 10[2] -> 2[2] [send] via NET/AWS Libfabric/3/GDRDMA
nid008404:1368304:1368552 [3] NCCL INFO Channel 01/0 : 15[3] -> 11[3] [send] via NET/AWS Libfabric/1/GDRDMA
nid008404:1368302:1368551 [1] NCCL INFO Channel 03/0 : 13[1] -> 9[1] [send] via NET/AWS Libfabric/5/GDRDMA
nid008401:140529:140751 [2] NCCL INFO Channel 06/0 : 10[2] -> 4[0] [send] via NET/AWS Libfabric/3/GDRDMA
nid008397:263131:263358 [2] NCCL INFO Channel 06/0 : 6[2] -> 2[2] [receive] via NET/AWS Libfabric/3/GDRDMA
nid008397:263131:263358 [2] NCCL INFO Channel 01/0 : 2[2] -> 0[0] via P2P/CUMEM/read
nid008401:140528:140750 [1] NCCL INFO Channel 07/0 : 9[1] -> 6[2] [send] via NET/AWS Libfabric/5/GDRDMA
nid008397:263131:263358 [2] NCCL INFO Channel 05/0 : 2[2] -> 0[0] via P2P/CUMEM/read
nid008400:1242528:1242755 [1] NCCL INFO Channel 05/0 : 11[3] -> 5[1] [receive] via NET/AWS Libfabric/1
nid008401:140530:140749 [3] NCCL INFO Channel 00/0 : 4[0] -> 11[3] [receive] via NET/AWS Libfabric/7
nid008401:140530:140749 [3] NCCL INFO Channel 01/0 : 3[3] -> 11[3] [receive] via NET/AWS Libfabric/1/GDRDMA
nid008400:1242527:1242753 [0] NCCL INFO Channel 04/0 : 12[0] -> 4[0] [receive] via NET/AWS Libfabric/7/GDRDMA
nid008400:1242529:1242752 [2] NCCL INFO Channel 07/0 : 9[1] -> 6[2] [receive] via NET/AWS Libfabric/5
nid008401:140530:140749 [3] NCCL INFO Channel 01/0 : 11[3] -> 3[3] [send] via NET/AWS Libfabric/1/GDRDMA
nid008400:1242527:1242753 [0] NCCL INFO Channel 04/0 : 4[0] -> 12[0] [send] via NET/AWS Libfabric/7/GDRDMA
nid008401:140530:140749 [3] NCCL INFO Channel 00/0 : 11[3] -> 4[0] [send] via NET/AWS Libfabric/7
nid008397:263132:263355 [3] NCCL INFO Channel 05/0 : 7[3] -> 3[3] [receive] via NET/AWS Libfabric/1/GDRDMA
nid008400:1242529:1242752 [2] NCCL INFO Channel 02/0 : 8[0] -> 6[2] [receive] via NET/AWS Libfabric/3/GDRDMA
nid008400:1242529:1242752 [2] NCCL INFO Channel 01/0 : 6[2] -> 4[0] via P2P/CUMEM/read
nid008400:1242527:1242753 [0] NCCL INFO Channel 00/0 : 11[3] -> 4[0] [receive] via NET/AWS Libfabric/7/GDRDMA
nid008397:263132:263355 [3] NCCL INFO Channel 00/0 : 3[3] -> 0[0] via P2P/CUMEM/read
nid008400:1242530:1242754 [3] NCCL INFO Channel 03/0 : 7[3] -> 4[0] via P2P/CUMEM/read
nid008404:1368301:1368553 [0] NCCL INFO Channel 00/0 : 12[0] -> 8[0] [send] via NET/AWS Libfabric/7/GDRDMA
nid008400:1242529:1242752 [2] NCCL INFO Channel 02/0 : 6[2] -> 4[0] via P2P/CUMEM/read
nid008397:263132:263355 [3] NCCL INFO Channel 04/0 : 3[3] -> 0[0] via P2P/CUMEM/read
nid008401:140530:140749 [3] NCCL INFO Channel 05/0 : 11[3] -> 5[1] [send] via NET/AWS Libfabric/1/GDRDMA
nid008400:1242529:1242752 [2] NCCL INFO Channel 05/0 : 6[2] -> 4[0] via P2P/CUMEM/read
nid008400:1242530:1242754 [3] NCCL INFO Channel 07/0 : 7[3] -> 4[0] via P2P/CUMEM/read
nid008401:140530:140749 [3] NCCL INFO Channel 01/0 : 15[3] -> 11[3] [receive] via NET/AWS Libfabric/1/GDRDMA
nid008400:1242528:1242755 [1] NCCL INFO Channel 03/0 : 10[2] -> 5[1] [receive] via NET/AWS Libfabric/5/GDRDMA
nid008400:1242529:1242752 [2] NCCL INFO Channel 06/0 : 6[2] -> 4[0] via P2P/CUMEM/read
nid008401:140530:140749 [3] NCCL INFO Channel 00/0 : 11[3] -> 8[0] via P2P/CUMEM/read
nid008401:140528:140750 [1] NCCL INFO Channel 01/0 : 9[1] -> 7[3] [send] via NET/AWS Libfabric/1
nid008404:1368304:1368552 [3] NCCL INFO Channel 03/0 : 15[3] -> 12[0] via P2P/CUMEM/read
nid008401:140530:140749 [3] NCCL INFO Channel 04/0 : 11[3] -> 8[0] via P2P/CUMEM/read
nid008401:140530:140749 [3] NCCL INFO Channel 01/0 : 11[3] -> 9[1] via P2P/CUMEM/read
nid008404:1368304:1368552 [3] NCCL INFO Channel 07/0 : 15[3] -> 12[0] via P2P/CUMEM/read
nid008401:140530:140749 [3] NCCL INFO Channel 02/0 : 11[3] -> 9[1] via P2P/CUMEM/read
nid008401:140530:140749 [3] NCCL INFO Channel 05/0 : 11[3] -> 9[1] via P2P/CUMEM/read
nid008401:140527:140752 [0] NCCL INFO Channel 02/0 : 8[0] -> 6[2] [send] via NET/AWS Libfabric/3
nid008401:140530:140749 [3] NCCL INFO Channel 06/0 : 11[3] -> 9[1] via P2P/CUMEM/read
nid008404:1368304:1368552 [3] NCCL INFO Channel 01/0 : 15[3] -> 13[1] via P2P/CUMEM/read
nid008401:140530:140749 [3] NCCL INFO Channel 03/0 : 11[3] -> 10[2] via P2P/CUMEM/read
nid008404:1368304:1368552 [3] NCCL INFO Channel 02/0 : 15[3] -> 13[1] via P2P/CUMEM/read
nid008401:140530:140749 [3] NCCL INFO Channel 07/0 : 11[3] -> 10[2] via P2P/CUMEM/read
nid008404:1368304:1368552 [3] NCCL INFO Channel 05/0 : 15[3] -> 13[1] via P2P/CUMEM/read
nid008404:1368304:1368552 [3] NCCL INFO Channel 06/0 : 15[3] -> 13[1] via P2P/CUMEM/read
nid008404:1368304:1368552 [3] NCCL INFO Channel 00/0 : 15[3] -> 14[2] via P2P/CUMEM/read
nid008404:1368304:1368552 [3] NCCL INFO Channel 03/0 : 15[3] -> 14[2] via P2P/CUMEM/read
nid008404:1368304:1368552 [3] NCCL INFO Channel 04/0 : 15[3] -> 14[2] via P2P/CUMEM/read
nid008404:1368304:1368552 [3] NCCL INFO Channel 07/0 : 15[3] -> 14[2] via P2P/CUMEM/read
nid008404:1368302:1368551 [1] NCCL INFO Channel 01/0 : 13[1] -> 12[0] via P2P/CUMEM/read
nid008404:1368302:1368551 [1] NCCL INFO Channel 02/0 : 13[1] -> 12[0] via P2P/CUMEM/read
nid008404:1368302:1368551 [1] NCCL INFO Channel 05/0 : 13[1] -> 12[0] via P2P/CUMEM/read
nid008404:1368302:1368551 [1] NCCL INFO Channel 06/0 : 13[1] -> 12[0] via P2P/CUMEM/read
nid008400:1242527:1242753 [0] NCCL INFO Channel 06/0 : 10[2] -> 4[0] [receive] via NET/AWS Libfabric/3
nid008400:1242527:1242753 [0] NCCL INFO Channel 04/0 : 4[0] -> 0[0] [send] via NET/AWS Libfabric/7/GDRDMA
nid008401:140529:140751 [2] NCCL INFO Channel 03/0 : 10[2] -> 5[1] [send] via NET/AWS Libfabric/5
nid008401:140529:140751 [2] NCCL INFO Channel 02/0 : 14[2] -> 10[2] [receive] via NET/AWS Libfabric/3/GDRDMA
nid008400:1242528:1242755 [1] NCCL INFO Channel 07/0 : 5[1] -> 1[1] [send] via NET/AWS Libfabric/5/GDRDMA
nid008401:140529:140751 [2] NCCL INFO Channel 01/0 : 10[2] -> 8[0] via P2P/CUMEM/read
nid008404:1368303:1368550 [2] NCCL INFO Channel 01/0 : 14[2] -> 12[0] via P2P/CUMEM/read
nid008397:263132:263355 [3] NCCL INFO Channel 01/0 : 3[3] -> 1[1] via P2P/CUMEM/read
nid008401:140529:140751 [2] NCCL INFO Channel 05/0 : 10[2] -> 8[0] via P2P/CUMEM/read
nid008404:1368303:1368550 [2] NCCL INFO Channel 02/0 : 14[2] -> 12[0] via P2P/CUMEM/read
nid008397:263132:263355 [3] NCCL INFO Channel 02/0 : 3[3] -> 1[1] via P2P/CUMEM/read
nid008400:1242530:1242754 [3] NCCL INFO Channel 01/0 : 9[1] -> 7[3] [receive] via NET/AWS Libfabric/1/GDRDMA
nid008400:1242530:1242754 [3] NCCL INFO Channel 01/0 : 7[3] -> 5[1] via P2P/CUMEM/read
nid008404:1368303:1368550 [2] NCCL INFO Channel 05/0 : 14[2] -> 12[0] via P2P/CUMEM/read
nid008397:263132:263355 [3] NCCL INFO Channel 05/0 : 3[3] -> 1[1] via P2P/CUMEM/read
nid008404:1368303:1368550 [2] NCCL INFO Channel 06/0 : 14[2] -> 12[0] via P2P/CUMEM/read
nid008400:1242530:1242754 [3] NCCL INFO Channel 02/0 : 7[3] -> 5[1] via P2P/CUMEM/read
nid008397:263132:263355 [3] NCCL INFO Channel 06/0 : 3[3] -> 1[1] via P2P/CUMEM/read
nid008401:140529:140751 [2] NCCL INFO Channel 03/0 : 10[2] -> 9[1] via P2P/CUMEM/read
nid008400:1242530:1242754 [3] NCCL INFO Channel 05/0 : 7[3] -> 5[1] via P2P/CUMEM/read
nid008401:140529:140751 [2] NCCL INFO Channel 07/0 : 10[2] -> 9[1] via P2P/CUMEM/read
nid008400:1242530:1242754 [3] NCCL INFO Channel 06/0 : 7[3] -> 5[1] via P2P/CUMEM/read
